Resolving dependencies...
Downloading packages...
  characters 1.4.0 (1.4.1 available)
  matcher 0.12.17 (0.12.18 available)
  material_color_utilities 0.11.1 (0.13.0 available)
  test_api 0.7.7 (0.7.8 available)
Got dependencies!
4 packages have newer versions incompatible with dependency constraints.
Try `flutter pub outdated` for more information.
00:00 +0: loading E:/codigo/flutter_calculator/test/special_mode_test.dart
00:00 +0: Special mode logic test
Target: 512251232.0, Current: 0.0, Diff: 512251232, Seq: 0512251232
Expression after 10 digits: +0512251232
Final Result: 512251232
Expected Target: 0512251232
Pending timers:
Timer (duration: 0:00:00.040000, periodic: false), created:
#0      new FakeTimer._ (package:fake_async/fake_async.dart:342:62)
#1      FakeAsync._createTimer (package:fake_async/fake_async.dart:260:29)
#2      FakeAsync.run.<anonymous closure> (package:fake_async/fake_async.dart:185:15)
#5      new _CountdownZoned (package:flutter/src/gestures/multitap.dart:54:5)
#6      new _TapTracker (package:flutter/src/gestures/multitap.dart:77:37)
#7      DoubleTapGestureRecognizer._trackTap (package:flutter/src/gestures/multitap.dart:247:33)
#8      DoubleTapGestureRecognizer.addAllowedPointer (package:flutter/src/gestures/multitap.dart:242:5)
#9      GestureRecognizer.addPointer (package:flutter/src/gestures/recognizer.dart:246:7)
#10     RawGestureDetectorState._handlePointerDown (package:flutter/src/widgets/gesture_detector.dart:1562:18)
#11     RenderPointerListener.handleEvent (package:flutter/src/rendering/proxy_box.dart:3193:44)
#12     GestureBinding.dispatchEvent (package:flutter/src/gestures/binding.dart:498:22)
#13     RendererBinding.dispatchEvent (package:flutter/src/rendering/binding.dart:473:11)
#14     GestureBinding._handlePointerEventImmediately (package:flutter/src/gestures/binding.dart:437:7)
#15     GestureBinding.handlePointerEvent (package:flutter/src/gestures/binding.dart:394:5)
#16     TestWidgetsFlutterBinding.handlePointerEventForSource.<anonymous closure> (package:flutter_test/src/binding.dart:678:42)
#17     TestWidgetsFlutterBinding.withPointerEventSource (package:flutter_test/src/binding.dart:688:11)
#18     TestWidgetsFlutterBinding.handlePointerEventForSource (package:flutter_test/src/binding.dart:678:5)
#19     WidgetTester.sendEventToBinding.<anonymous closure> (package:flutter_test/src/widget_tester.dart:869:15)
#22     TestAsyncUtils.guard (package:flutter_test/src/test_async_utils.dart:74:41)
#23     WidgetTester.sendEventToBinding (package:flutter_test/src/widget_tester.dart:868:27)
#24     TestGesture.down.<anonymous closure> (package:flutter_test/src/test_pointer.dart:437:25)
#27     TestAsyncUtils.guard (package:flutter_test/src/test_async_utils.dart:74:41)
#28     TestGesture.down (package:flutter_test/src/test_pointer.dart:436:27)
#29     WidgetController.startGesture (package:flutter_test/src/controller.dart:1815:20)
#30     WidgetController.tapAt.<anonymous closure> (package:flutter_test/src/controller.dart:1111:41)
#33     TestAsyncUtils.guard (package:flutter_test/src/test_async_utils.dart:74:41)
#34     WidgetController.tapAt (package:flutter_test/src/controller.dart:1110:27)
#35     WidgetController.tap (package:flutter_test/src/controller.dart:1044:12)
#36     main.<anonymous closure> (file:///E:/codigo/flutter_calculator/test/special_mode_test.dart:17:18)
<asynchronous suspension>
#37     testWidgets.<anonymous closure>.<anonymous closure> (package:flutter_test/src/widget_tester.dart:192:15)
<asynchronous suspension>
#38     TestWidgetsFlutterBinding._runTestBody (package:flutter_test/src/binding.dart:1059:5)
<asynchronous suspension>
<asynchronous suspension>
(elided 9 frames from dart:async and package:stack_trace)

ÔòÉÔòÉÔòí EXCEPTION CAUGHT BY FLUTTER TEST FRAMEWORK Ôò×ÔòÉÔòÉÔòÉÔòÉÔòÉÔòÉÔòÉÔòÉÔòÉÔòÉÔòÉÔòÉÔòÉÔòÉÔòÉÔòÉÔòÉÔòÉÔòÉÔòÉÔòÉÔòÉÔòÉÔòÉÔòÉÔòÉÔòÉÔòÉÔòÉÔòÉÔòÉÔòÉÔòÉÔòÉÔòÉÔòÉÔòÉÔòÉÔòÉÔòÉÔòÉÔòÉÔòÉÔòÉÔòÉÔòÉÔòÉÔòÉÔòÉÔòÉÔòÉÔòÉ
The following assertion was thrown running a test:
A Timer is still pending even after the widget tree was disposed.
'package:flutter_test/src/binding.dart':
Failed assertion: line 1617 pos 12: '!timersPending'

When the exception was thrown, this was the stack:
#2      AutomatedTestWidgetsFlutterBinding._verifyInvariants (package:flutter_test/src/binding.dart:1617:12)
#3      TestWidgetsFlutterBinding._runTestBody (package:flutter_test/src/binding.dart:1078:7)
<asynchronous suspension>
<asynchronous suspension>
(elided 3 frames from class _AssertionError and package:stack_trace)

The test description was:
  Special mode logic test
ÔòÉÔòÉÔòÉÔòÉÔòÉÔòÉÔòÉÔòÉÔòÉÔòÉÔòÉÔòÉÔòÉÔòÉÔòÉÔòÉÔòÉÔòÉÔòÉÔòÉÔòÉÔòÉÔòÉÔòÉÔòÉÔòÉÔòÉÔòÉÔòÉÔòÉÔòÉÔòÉÔòÉÔòÉÔòÉÔòÉÔòÉÔòÉÔòÉÔòÉÔòÉÔòÉÔòÉÔòÉÔòÉÔòÉÔòÉÔòÉÔòÉÔòÉÔòÉÔòÉÔòÉÔòÉÔòÉÔòÉÔòÉÔòÉÔòÉÔòÉÔòÉÔòÉÔòÉÔòÉÔòÉÔòÉÔòÉÔòÉÔòÉÔòÉÔòÉÔòÉÔòÉÔòÉÔòÉÔòÉÔòÉÔòÉÔòÉÔòÉÔòÉÔòÉÔòÉÔòÉÔòÉÔòÉÔòÉÔòÉÔòÉÔòÉÔòÉÔòÉÔòÉÔòÉÔòÉÔòÉÔòÉÔòÉÔòÉÔòÉ
00:01 +0 -1: Special mode logic test [E]
  Test failed. See exception logs above.
  The test description was: Special mode logic test
  
00:01 +0 -1: Some tests failed.
